
Cadence Innovus(TM) Implementation System.
Copyright 2021 Cadence Design Systems, Inc. All rights reserved worldwide.

Version:	v21.19-s058_1, built Thu Apr 4 09:59:17 PDT 2024
Options:	-stylus -overwrite -no_gui -files ../scripts/layout.tcl 
Date:		Fri May 29 09:00:08 2026
Host:		ecomp (x86_64 w/Linux 4.18.0-553.123.1.el8_10.x86_64) (6cores*24cpus*Intel(R) Xeon(R) CPU E5645 @ 2.40GHz 12288KB)
OS:		Rocky Linux 8.10 (Green Obsidian)

License:
		[09:00:08.456073] Configured Lic search path (21.01-s002): 27001@200.132.35.25

		invs	Innovus Implementation System	21.1	checkout succeeded
		8 CPU jobs allowed with the current license(s). Use set_multi_cpu_usage to set your required CPU count.


Create and set the environment variable TMPDIR to /tmp/innovus_temp_883032_ecomp_ufsm00291-bruning2023520081_dQ3IXv.

Change the soft stacksize limit to 0.2%RAM (143 mbytes). Set global soft_stack_size_limit to change the value.

**INFO:  MMMC transition support version v31-84 

#@ Processing -files option
**ERROR: (IMPSYT-6696):	Initfile (../scripts/layout.tcl) does not exist.
@innovus 1> exit


*** Memory Usage v#1 (Current mem = 943.613M, initial mem = 494.973M) ***
*** Message Summary: 0 warning(s), 1 error(s)

--- Ending "Innovus" (totcpu=0:00:32.9, real=0:02:08, mem=943.6M) ---
