*----------------------------------------------------------------------------------------
*	Innovus 21.19-s058_1 (64bit) 04/04/2024 09:59 (Linux 3.10.0-693.el7.x86_64)
*	
*
* 	Date & Time:	2026-May-29 11:24:51 (2026-May-29 14:24:51 GMT)
*
*----------------------------------------------------------------------------------------
*
*	Design: multiplier32FP
*
*	Liberty Libraries used: 
*	        analysis_normal_slow_max: /home/tools/design_kits/cadence/GPDK045/gsclib045_svt_v4.4/gsclib045/timing/slow_vdd1v0_basicCells.lib
*
*	Power Domain used: 
*              Rail:        VDD      Voltage:        0.9 
*
*       Power View : analysis_normal_slow_max
*
*       User-Defined Activity : N.A.
*
*       Activity File: N.A.
*
*       Hierarchical Global Activity: N.A.
*
*       Global Activity: N.A.
*
*       Sequential Element Activity: N.A.
*
*       Primary Input Activity: 0.200000
*
*       Default icg ratio: N.A.
*
*       Global Comb ClockGate Ratio: N.A.
*
*	Power Units = 1mW
*
*	Time Units = 1e-09 secs 
*
*       report_power -outfile ../reports/power.rpt -sort total
*
-----------------------------------------------------------------------------------------


Total Power 
-----------------------------------------------------------------------------------------
Total Internal Power:        0.01622824 	   53.1997%
Total Switching Power:       0.01413402 	   46.3344%
Total Leakage Power:         0.00014212 	    0.4659%
Total Power:                 0.03050439 
-----------------------------------------------------------------------------------------


Group                           Internal   Switching     Leakage       Total  Percentage 
                                Power      Power         Power         Power  (%)        
-----------------------------------------------------------------------------------------
Sequential                      0.004843    0.005151   1.848e-05     0.01001       32.82 
Macro                                  0           0           0           0           0 
IO                                     0           0           0           0           0 
Combinational                    0.01139    0.008983   0.0001236     0.02049       67.18 
Clock (Combinational)                  0           0           0           0           0 
Clock (Sequential)                     0           0           0           0           0 
-----------------------------------------------------------------------------------------
Total                            0.01623     0.01413   0.0001421      0.0305         100 
-----------------------------------------------------------------------------------------


Rail                  Voltage   Internal   Switching     Leakage       Total  Percentage 
                                Power      Power         Power         Power  (%)        
-----------------------------------------------------------------------------------------
VDD                       0.9    0.01623     0.01413   0.0001421      0.0305         100 


-----------------------------------------------------------------------------------------
*	Power Distribution Summary: 
*                Highest Average Power:         product_o_reg[12] (DFFRHQX8):         0.000255 
*                Highest Leakage Power:                done_o_reg (DFFRHQX8):        3.679e-07 
*          Total Cap:      6.68975e-12 F
*          Total instances in design:  2890
*          Total instances in design with no power:     0
*          Total instances in design with no activity:     0
*          Total Fillers and Decap:     0
-----------------------------------------------------------------------------------------

