============================================================
  Generated by:           Genus(TM) Synthesis Solution 21.19-s055_1
  Generated on:           May 28 2026  06:57:16 am
  Module:                 multiplier32FP
  Operating conditions:   PVT_0P9V_125C 
  Operating conditions:   PVT_1P32V_0C 
  Interconnect mode:      global
  Area mode:              physical library
============================================================

Timing
--------

Clock  Period  
---------------
clk   100000.0 


  Cost    Critical         Violating 
 Group   Path Slack  TNS     Paths   
-------------------------------------
clk         84181.5   0.0          0 
default    No paths   0.0            
-------------------------------------
Total                 0.0          0 

Instance Count
--------------
Leaf Instance Count             1424 
Physical Instance count            0 
Sequential Instance Count         77 
Combinational Instance Count    1347 
Hierarchical Instance Count        0 

Area
----
Cell Area                          4348.872
Physical Cell Area                 0.000
Total Cell Area (Cell+Physical)    4348.872
Net Area                           2070.310
Total Area (Cell+Physical+Net)     6419.182

Max Fanout                         77 (clk)
Min Fanout                         0 (rst_n)
Average Fanout                     2.2
Terms to net ratio                 3.1776
Terms to instance ratio            3.9965
Runtime                            83.847389 seconds
Elapsed Runtime                    85 seconds
Genus peak memory usage            1632.21 
Innovus peak memory usage          no_value 
Hostname                           localhost
