============================================================
  Generated by:           Genus(TM) Synthesis Solution 21.19-s055_1
  Generated on:           May 28 2026  06:57:15 am
  Module:                 multiplier32FP
  Operating conditions:   PVT_0P9V_125C 
  Operating conditions:   PVT_1P32V_0C 
  Interconnect mode:      global
  Area mode:              physical library
============================================================


Path 1: MET (84182 ps) Setup Check with Pin s1_man_product_reg[47]/CK->D
          Group: clk
     Startpoint: (R) b_i[1]
          Clock: (R) clk
       Endpoint: (R) s1_man_product_reg[47]/D
          Clock: (R) clk

                     Capture       Launch     
        Clock Edge:+  100000            0     
        Drv Adjust:+       0            0     
       Src Latency:+       0            0     
       Net Latency:+     100 (I)      100 (I) 
           Arrival:=  100100          100     
                                              
             Setup:-     150                  
       Uncertainty:-      50                  
     Required Time:=   99900                  
      Launch Clock:-     100                  
       Input Delay:-     300                  
         Data Path:-   15318                  
             Slack:=   84182                  

Exceptions/Constraints:
  input_delay             300             multiplier32FP.sdc_line_30_63_1 

#--------------------------------------------------------------------------------------------------
#      Timing Point        Flags    Arc   Edge   Cell     Fanout Load Trans Delay Arrival Instance 
#                                                                (fF)  (ps)  (ps)   (ps)  Location 
#--------------------------------------------------------------------------------------------------
  b_i[1]                   -       -      R     (arrival)     22 38.2   264     0     400    (-,-) 
  g61484/Y                 -       A->Y   F     INVX2          9 17.9   274   276     676    (-,-) 
  g61447__1617/Y           -       A->Y   F     CLKMX2X6      27 48.9   275   472    1148    (-,-) 
  g61306/Y                 -       A->Y   R     INVX1          1  3.7   129   207    1355    (-,-) 
  g61092__7482/Y           -       C->Y   R     OR3X6         25 47.8   180   218    1572    (-,-) 
  g60892__6417/Y           -       A1->Y  F     OAI22X2        2  4.8   208   235    1807    (-,-) 
  g60788__6161/Y           -       A0N->Y F     AOI2BB1X1      1  3.1   110   233    2040    (-,-) 
  g60779__1617/Y           -       B0->Y  F     AO21X1         2  5.5   154   217    2257    (-,-) 
  g60651__6131/Y           -       A1->Y  R     OAI22X1        1  3.1   211   206    2463    (-,-) 
  g60615__9945/Y           -       B0->Y  R     AO21X1         2  5.4   130   228    2691    (-,-) 
  g60608__8246/Y           -       C->Y   F     NAND3BX2       1  3.1   208   192    2883    (-,-) 
  g60590__6783/Y           -       A1N->Y F     OAI2BB1X1      1  3.1   204   248    3131    (-,-) 
  g60520__5115/Y           -       A1->Y  F     AO22X1         2  5.0   145   295    3426    (-,-) 
  g60494__6783/Y           -       A1->Y  R     OAI21X1        1  3.3   196   196    3622    (-,-) 
  g60481__4319/Y           -       B0->Y  F     OAI2BB1X1      1  3.1   210   241    3863    (-,-) 
  g60435__6131/Y           -       A1->Y  F     AO22X1         2  5.0   145   298    4161    (-,-) 
  g60404__4733/Y           -       A1->Y  R     OAI21X1        1  3.3   196   196    4357    (-,-) 
  g60394__5526/Y           -       B0->Y  F     OAI2BB1X1      1  3.2   215   244    4601    (-,-) 
  g60385__7410/Y           -       B0->Y  R     OAI21X1        1  3.3   196   172    4773    (-,-) 
  g60363__7482/Y           -       B0->Y  F     OAI2BB1X1      1  3.1   210   241    5014    (-,-) 
  g60342__7098/Y           -       B0->Y  F     OA21X1         1  3.2    98   203    5217    (-,-) 
  g60332__2802/Y           -       C0->Y  R     AOI221X1       1  3.1   283   231    5448    (-,-) 
  g60328__6783/Y           -       B->Y   R     OR2X1          1  3.3    81   228    5676    (-,-) 
  g60321__8428/Y           -       B0->Y  F     OAI2BB1X1      1  3.1   202   177    5853    (-,-) 
  g60301__6260/Y           -       A1->Y  F     AO22X1         1  3.2   101   270    6123    (-,-) 
  g60293__2398/Y           -       B0->Y  R     OAI21X1        1  3.3   196   106    6229    (-,-) 
  g60289__5477/Y           -       B0->Y  F     OAI2BB1X1      1  3.1   210   241    6471    (-,-) 
  g60281__7410/Y           -       B1->Y  F     AO22X1         2  4.8   140   267    6738    (-,-) 
  g60280__1666/Y           -       B->Y   F     OR2X1          1  3.1    94   187    6925    (-,-) 
  g60278__2346/Y           -       A1->Y  F     AO22X1         2  5.1   148   243    7168    (-,-) 
  g60271__9945/Y           -       A1->Y  R     OAI21X1        1  3.3   196   197    7365    (-,-) 
  g60266__9315/Y           -       B1->Y  F     AOI22X1        1  3.3   261   241    7606    (-,-) 
  g60264__6161/Y           -       A1->Y  R     OAI22X1        1  3.3   230   269    7875    (-,-) 
  g60261__4733/Y           -       B0->Y  F     OAI2BB1X1      1  3.2   217   264    8138    (-,-) 
  g60260__7482/Y           -       B0->Y  R     OAI21X1        1  3.3   195   173    8311    (-,-) 
  g60258__5115/Y           -       B0->Y  F     OAI2BB1X1      1  3.1   210   241    8552    (-,-) 
  g60257__1881/Y           -       B1->Y  F     AO22X1         1  3.4   105   248    8801    (-,-) 
  g60256__6131/CO          -       CI->CO F     ADDFX1         2  5.1   153   262    9063    (-,-) 
  g60255__7098/Y           -       B0->Y  R     OAI21X1        1  3.3   195   136    9199    (-,-) 
  g60252__5122/Y           -       B0->Y  F     OAI2BB1X1      1  3.4   225   250    9449    (-,-) 
  g60248__1617/CO          -       CI->CO F     ADDFX1         1  3.4   112   296    9745    (-,-) 
  g60246__3680/CO          -       CI->CO F     ADDFX1         2  5.0   150   264   10010    (-,-) 
  g60243__5526/Y           -       B1->Y  F     AO22X1         2  5.0   144   243   10253    (-,-) 
  g60240__6260/Y           -       B1->Y  F     AO22X1         2  5.0   144   241   10493    (-,-) 
  g60237__5477/Y           -       A1->Y  F     AO22X1         2  5.1   148   268   10761    (-,-) 
  g60235__7410/Y           -       B0->Y  R     OAI21X1        1  3.3   195   133   10894    (-,-) 
  g60231__9945/Y           -       B0->Y  F     OAI2BB1X1      1  3.4   225   250   11144    (-,-) 
  g60223__7482/CO          -       CI->CO F     ADDFX1         1  3.4   112   296   11440    (-,-) 
  g60221__5115/CO          -       CI->CO F     ADDFX1         1  3.4   111   243   11683    (-,-) 
  g60219__1881/CO          -       CI->CO F     ADDFX1         1  3.4   111   242   11926    (-,-) 
  g60217__6131/CO          -       CI->CO F     ADDFX1         1  3.4   111   242   12168    (-,-) 
  g60215__7098/CO          -       CI->CO F     ADDFX1         1  3.4   111   242   12411    (-,-) 
  g60213__8246/CO          -       CI->CO F     ADDFX1         1  3.4   111   242   12653    (-,-) 
  g60211__5122/CO          -       CI->CO F     ADDFX1         1  3.4   111   242   12896    (-,-) 
  g60209__1705/CO          -       CI->CO F     ADDFX1         1  3.4   111   242   13138    (-,-) 
  g60207__2802/CO          -       CI->CO F     ADDFX1         1  3.4   112   242   13381    (-,-) 
  g60205__1617/CO          -       CI->CO F     ADDFX1         1  3.4   111   243   13624    (-,-) 
  g60203__3680/CO          -       CI->CO F     ADDFX1         1  3.4   111   242   13866    (-,-) 
  g60201__6783/CO          -       CI->CO F     ADDFX1         1  3.4   111   242   14109    (-,-) 
  g60199__5526/CO          -       CI->CO F     ADDFX1         1  3.4   111   242   14351    (-,-) 
  g60197__8428/CO          -       CI->CO F     ADDFX1         1  3.4   111   242   14594    (-,-) 
  g60195__4319/CO          -       CI->CO F     ADDFX1         1  3.4   111   242   14836    (-,-) 
  g60193__6260/CO          -       CI->CO F     ADDFX1         1  3.3   108   241   15077    (-,-) 
  g60191__5107/Y           -       B->Y   R     XNOR2X1        1  3.3    86   227   15304    (-,-) 
  g60190__2398/Y           -       B->Y   F     XNOR2X1        1  3.3   100   192   15496    (-,-) 
  g60189__5477/Y           -       B->Y   R     XNOR2X1        1  3.2    84   222   15718    (-,-) 
  s1_man_product_reg[47]/D <<<     -      R     DFFRHQX1       1    -     -     0   15718    (-,-) 
#--------------------------------------------------------------------------------------------------

