============================================================
  Generated by:           Genus(TM) Synthesis Solution 21.19-s055_1
  Generated on:           Jun 08 2026  12:02:26 pm
  Module:                 multiplier32FP
  Operating conditions:   PVT_0P9V_125C 
  Operating conditions:   PVT_1P32V_0C 
  Interconnect mode:      global
  Area mode:              physical library
============================================================


Path 1: MET (87122 ps) Setup Check with Pin s1_man_product_reg[47]/CK->D
          Group: clk
     Startpoint: (F) b_i[3]
          Clock: (R) clk
       Endpoint: (R) s1_man_product_reg[47]/D
          Clock: (R) clk

                     Capture       Launch     
        Clock Edge:+  100000            0     
        Drv Adjust:+       0            0     
       Src Latency:+       0            0     
       Net Latency:+     100 (I)      100 (I) 
           Arrival:=  100100          100     
                                              
             Setup:-     150                  
       Uncertainty:-      50                  
     Required Time:=   99900                  
      Launch Clock:-     100                  
       Input Delay:-     300                  
         Data Path:-   12378                  
             Slack:=   87122                  

Exceptions/Constraints:
  input_delay             300             multiplier32FP.sdc_line_30_61_1 

#--------------------------------------------------------------------------------------------------
#      Timing Point        Flags    Arc   Edge   Cell     Fanout Load Trans Delay Arrival Instance 
#                                                                (fF)  (ps)  (ps)   (ps)  Location 
#--------------------------------------------------------------------------------------------------
  b_i[3]                   -       -      F     (arrival)     10 19.0   252     0     400    (-,-) 
  g116244/Y                -       A->Y   R     NOR2X1         2  5.2   276   292     692    (-,-) 
  g116226/Y                -       A->Y   F     INVX1          2  5.3   189   247     939    (-,-) 
  g116148/Y                -       B->Y   R     NAND2X2        4  8.2   129   156    1094    (-,-) 
  g116113/Y                -       A->Y   F     INVX1          2  5.0   155   154    1249    (-,-) 
  g116022/Y                -       B->Y   F     AND2X4        19 36.1   253   271    1520    (-,-) 
  g115940/Y                -       A->Y   R     INVX2          6 12.5   172   210    1730    (-,-) 
  g115737/Y                -       A1->Y  F     AOI22X1        1  3.2   259   260    1990    (-,-) 
  g115286__1881/Y          -       B0->Y  R     AOI21X1        1  3.3   201   252    2243    (-,-) 
  g115246__1881/Y          -       B0->Y  F     OAI2BB1X1      1  3.6   236   259    2502    (-,-) 
  g114789__3680/S          -       B->S   R     ADDFX1         2  5.0   132   436    2938    (-,-) 
  g114726__8246/Y          -       A1->Y  R     OA21X1         1  3.3    86   221    3159    (-,-) 
  g114706__8246/Y          -       B0->Y  F     OAI21X1        1  3.2   224   190    3349    (-,-) 
  g114690__9945/Y          -       B->Y   R     NOR2BX1        1  3.3   192   225    3574    (-,-) 
  g114639__6260/Y          -       C0->Y  F     AOI221X1       1  3.1   260   171    3745    (-,-) 
  g114599__1617/Y          -       D->Y   F     OR4X1          1  3.3   117   345    4090    (-,-) 
  g114586__9945/Y          -       B0->Y  R     OAI2BB1X1      1  3.3   102   119    4210    (-,-) 
  g114556__2883/Y          -       A1->Y  F     OAI22X1        1  3.3   252   223    4433    (-,-) 
  g114534__6783/Y          -       B0->Y  R     OAI2BB1X1      1  3.3   125   197    4630    (-,-) 
  g114525__1881/Y          -       B0->Y  F     AOI21X1        1  3.3   231   132    4761    (-,-) 
  g114517__7410/Y          -       B0->Y  R     AOI2BB1X1      1  3.3   183   234    4994    (-,-) 
  g114507__7098/Y          -       B0->Y  F     OAI21X1        1  3.2   231   244    5238    (-,-) 
  g114488__1881/Y          -       B0->Y  R     AOI2BB2X1      1  3.3   218   242    5480    (-,-) 
  g114475__2398/Y          -       B0->Y  F     OAI21X1        1  3.2   234   263    5744    (-,-) 
  g114469__1705/Y          -       B->Y   R     NOR2X1         2  5.2   274   278    6022    (-,-) 
  g114457__1666/Y          -       B->Y   F     NOR2X1         1  3.2   140   220    6242    (-,-) 
  g114450__1705/Y          -       B->Y   R     NAND2X1        1  3.3   111   129    6371    (-,-) 
  g114434__8428/Y          -       B0->Y  F     OAI21X1        1  3.2   225   203    6574    (-,-) 
  g114419__6417/Y          -       B0->Y  R     AOI21X1        1  3.7   215   244    6818    (-,-) 
  g114395__7482/Y          -       C0->Y  F     AOI221X2       1  3.3   180   154    6971    (-,-) 
  g114374__8246/Y          -       A1->Y  R     AOI22X1        1  3.1   205   229    7200    (-,-) 
  g114360__2802/Y          -       B0->Y  R     OA21X1         1  3.3    86   262    7462    (-,-) 
  g114348__5526/Y          -       B0->Y  F     OAI2BB1X1      1  3.4   218   189    7651    (-,-) 
  g114320__5477/CO         -       CI->CO F     ADDFX1         1  3.2   107   290    7941    (-,-) 
  g114319/Y                -       A->Y   R     INVX1          1  3.5    97   109    8050    (-,-) 
  g114310__2883/CO         -       CI->CO R     ADDFX1         1  3.5    98   249    8298    (-,-) 
  g114299__9945/CO         -       CI->CO R     ADDFX1         2  5.0   129   267    8565    (-,-) 
  g114298__9315/Y          -       B0->Y  R     OA21X1         3  6.4   150   260    8826    (-,-) 
  g114290__5115/Y          -       A1->Y  R     AO21X1         3  7.0   163   278    9104    (-,-) 
  g114288/Y                -       A->Y   F     INVX1          1  3.1   114   149    9253    (-,-) 
  g114284__8246/Y          -       B->Y   F     OR2X2          5 11.1   166   248    9501    (-,-) 
  g114278__1617/Y          -       A1->Y  R     OAI21X4        5 11.0   168   175    9676    (-,-) 
  g114273__8428/Y          -       A1->Y  F     OAI21X2        3  6.5   233   228    9904    (-,-) 
  g114270/Y                -       A->Y   R     INVX1          2  4.8   144   195   10099    (-,-) 
  g114264__2398/Y          -       B->Y   R     OR2X1          3  6.8   153   200   10299    (-,-) 
  g114259__9945/Y          -       B->Y   F     NOR2X1         2  5.0   182   171   10470    (-,-) 
  g114252__7098/Y          -       A1->Y  R     AOI21X1        1  3.3   194   214   10684    (-,-) 
  g114242__8428/Y          -       B->Y   F     NOR2X1         1  3.1   129   170   10854    (-,-) 
  g114230__6161/Y          -       C->Y   F     OR3X1          2  5.1   149   259   11113    (-,-) 
  g114205__6417/Y          -       A2->Y  R     OAI31X1        1  3.1   279   252   11364    (-,-) 
  g114190__5115/Y          -       A1->Y  R     AO21X1         1  3.3    88   298   11663    (-,-) 
  g114178__8246/Y          -       B0->Y  F     OAI21X1        1  3.3   227   194   11856    (-,-) 
  g114171__6783/Y          -       A1->Y  R     OAI22X1        1  3.3   227   251   12107    (-,-) 
  g114170__8428/Y          -       B0->Y  F     OAI2BB1X1      1  3.2   217   262   12369    (-,-) 
  g114167__6260/Y          -       B0->Y  R     OAI21X1        1  3.3   199   173   12542    (-,-) 
  g114164__5107/Y          -       B->Y   R     XNOR2X1        1  3.2    84   236   12778    (-,-) 
  s1_man_product_reg[47]/D <<<     -      R     DFFRHQX1       1    -     -     0   12778    (-,-) 
#--------------------------------------------------------------------------------------------------

