============================================================
  Generated by:           Genus(TM) Synthesis Solution 21.19-s055_1
  Generated on:           May 28 2026  06:57:16 am
  Module:                 multiplier32FP
  Operating conditions:   PVT_0P9V_125C 
  Operating conditions:   PVT_1P32V_0C 
  Interconnect mode:      global
  Area mode:              physical library
============================================================

                                              Library 
   Gate    Instances    Area       Library     Domain 
------------------------------------------------------
ADDFX1           259  1328.670    slow_vdd1v0   worst 
ADDHX1            41   154.242    slow_vdd1v0   worst 
AND2X1            13    17.784    slow_vdd1v0   worst 
AND2X2             1     1.710    slow_vdd1v0   worst 
AND2X6             3    11.286    slow_vdd1v0   worst 
AND3X4             1     3.078    slow_vdd1v0   worst 
AND3XL             2     4.104    slow_vdd1v0   worst 
AND4X1             2     4.788    slow_vdd1v0   worst 
AO21X1             2     4.788    slow_vdd1v0   worst 
AO21X2             1     2.736    slow_vdd1v0   worst 
AO22X1            52   142.272    slow_vdd1v0   worst 
AOI211X2           1     3.420    slow_vdd1v0   worst 
AOI21X1            2     3.420    slow_vdd1v0   worst 
AOI221X1           1     2.394    slow_vdd1v0   worst 
AOI22X1           25    51.300    slow_vdd1v0   worst 
AOI22X2            4    15.048    slow_vdd1v0   worst 
AOI2BB1X1          1     2.052    slow_vdd1v0   worst 
CLKINVX6           4     9.576    slow_vdd1v0   worst 
CLKMX2X6           9    40.014    slow_vdd1v0   worst 
CLKXOR2X1         11    30.096    slow_vdd1v0   worst 
DFFRHQX1          40   246.240    slow_vdd1v0   worst 
DFFRHQX8          37   417.582    slow_vdd1v0   worst 
INVX1             56    38.304    slow_vdd1v0   worst 
INVX2              5     5.130    slow_vdd1v0   worst 
INVX3              1     1.368    slow_vdd1v0   worst 
NAND2BX1          14    19.152    slow_vdd1v0   worst 
NAND2X1           26    26.676    slow_vdd1v0   worst 
NAND2X2            4     6.840    slow_vdd1v0   worst 
NAND2X4            1     3.420    slow_vdd1v0   worst 
NAND3BX2           4    12.312    slow_vdd1v0   worst 
NAND3X2            6    16.416    slow_vdd1v0   worst 
NOR2BX1            2     2.736    slow_vdd1v0   worst 
NOR2X1            27    27.702    slow_vdd1v0   worst 
NOR2X2             7    11.970    slow_vdd1v0   worst 
NOR3BX1            3     6.156    slow_vdd1v0   worst 
NOR3X2             1     2.736    slow_vdd1v0   worst 
NOR4X2             2     6.840    slow_vdd1v0   worst 
OA21X1             3     6.156    slow_vdd1v0   worst 
OA22X1             8    19.152    slow_vdd1v0   worst 
OAI21X1           34    58.140    slow_vdd1v0   worst 
OAI21X2            2     6.156    slow_vdd1v0   worst 
OAI22X1          245   502.740    slow_vdd1v0   worst 
OAI22X2            9    30.780    slow_vdd1v0   worst 
OAI2BB1X1         47    80.370    slow_vdd1v0   worst 
OAI2BB1X2          1     3.078    slow_vdd1v0   worst 
OR2X1             26    35.568    slow_vdd1v0   worst 
OR2X6              7    26.334    slow_vdd1v0   worst 
OR3X1              2     4.104    slow_vdd1v0   worst 
OR3X6              5    23.940    slow_vdd1v0   worst 
OR4X1             12    24.624    slow_vdd1v0   worst 
XNOR2X1          351   840.294    slow_vdd1v0   worst 
XNOR2X2            1     3.078    slow_vdd1v0   worst 
------------------------------------------------------
total           1424  4348.872                


                                         
     Type      Instances   Area   Area % 
-----------------------------------------
sequential            77  663.822   15.3 
inverter              66   54.378    1.3 
logic               1281 3630.672   83.5 
physical_cells         0    0.000    0.0 
-----------------------------------------
total               1424 4348.872  100.0 

