============================================================
  Generated by:           Genus(TM) Synthesis Solution 21.19-s055_1
  Generated on:           May 29 2026  08:18:43 am
  Module:                 multiplier32FP
  Operating conditions:   PVT_0P9V_125C 
  Operating conditions:   PVT_1P32V_0C 
  Interconnect mode:      global
  Area mode:              physical library
============================================================


Path 1: MET (0 ps) Setup Check with Pin s1_man_product_reg[46]/CK->D
          Group: clk
     Startpoint: (R) b_i[17]
          Clock: (R) clk
       Endpoint: (R) s1_man_product_reg[46]/D
          Clock: (R) clk

                     Capture       Launch     
        Clock Edge:+    5000            0     
        Drv Adjust:+       0            0     
       Src Latency:+       0            0     
       Net Latency:+     100 (I)      100 (I) 
           Arrival:=    5100          100     
                                              
             Setup:-     150                  
       Uncertainty:-      50                  
     Required Time:=    4900                  
      Launch Clock:-     100                  
       Input Delay:-     300                  
         Data Path:-    4500                  
             Slack:=       0                  

Exceptions/Constraints:
  input_delay             300             multiplier32FP.sdc_line_30_47_1 

#--------------------------------------------------------------------------------------------------
#      Timing Point        Flags    Arc   Edge   Cell     Fanout Load Trans Delay Arrival Instance 
#                                                                (fF)  (ps)  (ps)   (ps)  Location 
#--------------------------------------------------------------------------------------------------
  b_i[17]                  -       -      R     (arrival)      6 19.0   264     0     400    (-,-) 
  g102582/Y                -       A->Y   R     CLKAND2X6      2  8.8    52   221     621    (-,-) 
  g102483/Y                -       B->Y   F     NOR2X8         5 15.0    83    64     685    (-,-) 
  g102437/Y                -       A->Y   R     CLKINVX6       2  6.7    44    58     743    (-,-) 
  g102423/Y                -       B->Y   R     AND2X8         9 24.4   101   194     937    (-,-) 
  g101714/Y                -       A1->Y  F     AOI21X4        1  4.0   116   126    1063    (-,-) 
  g101418/Y                -       A->Y   F     CLKAND2X6      3  9.1    60   150    1213    (-,-) 
  g101292/Y                -       A->Y   R     CLKINVX4       2  6.8    50    55    1268    (-,-) 
  g101132__4733/Y          -       A->Y   F     NOR2X4         1  4.3    53    60    1328    (-,-) 
  g101075__6417/Y          -       A->Y   R     NOR2X4         2  6.8   100    95    1423    (-,-) 
  g100962/Y                -       A->Y   F     INVX2          1  4.3    79    93    1517    (-,-) 
  g100913__3680/Y          -       B1->Y  R     AOI22X4        2  5.8   116   103    1620    (-,-) 
  g100694__1666/Y          -       C->Y   F     XNOR3X1        1  3.7   139   249    1869    (-,-) 
  g100543__3680/CO         -       CI->CO F     ADDFHX2        2  5.6   109   259    2128    (-,-) 
  g100482__8246/Y          -       C->Y   F     XOR3X1         1  3.7   140   224    2352    (-,-) 
  g100355__6161/S          -       CI->S  R     ADDFHX2        3  8.8   132   405    2757    (-,-) 
  g100349__1705/Y          -       B->Y   R     CLKAND2X6      4 11.2    58   151    2908    (-,-) 
  g100280/Y                -       A->Y   F     INVX3          1  3.6    48    56    2964    (-,-) 
  g100268__9945/Y          -       A->Y   R     NOR2X2         1  3.3   109    95    3060    (-,-) 
  g100246__6417/Y          -       A1N->Y R     AOI2BB1X4      1  5.3    87   164    3223    (-,-) 
  g100234__1705/Y          -       B->Y   F     NOR2X6         4 10.3    88    79    3302    (-,-) 
  g100218__7098/Y          -       A1->Y  R     OAI21X4        1  3.7    83    94    3396    (-,-) 
  g100187__6417/Y          -       A1->Y  F     AOI21X2        1  3.6   149   145    3540    (-,-) 
  g100174__5122/Y          -       B->Y   R     NOR2X2         1  3.1   110   134    3674    (-,-) 
  g100148__5122/Y          -       A1->Y  R     OA21X2         2  5.6    91   247    3921    (-,-) 
  g100119__5122/Y          -       A1->Y  F     AOI21X2        1  3.1   139   141    4062    (-,-) 
  g100097__5115/Y          -       A1->Y  F     OA21X1         1  3.1    96   207    4269    (-,-) 
  g100085__2883/Y          -       A1N->Y F     AOI2BB1X2      1  3.3    93   189    4458    (-,-) 
  g100066__5122/Y          -       B->Y   R     XNOR2X1        1  3.1    82   218    4676    (-,-) 
  g100053__2398/Y          -       A->Y   R     MX2X1          1  3.2    85   223    4900    (-,-) 
  s1_man_product_reg[46]/D <<<     -      R     DFFRHQX1       1    -     -     0    4900    (-,-) 
#--------------------------------------------------------------------------------------------------

