============================================================
  Generated by:           Genus(TM) Synthesis Solution 21.19-s055_1
  Generated on:           May 28 2026  06:57:15 am
  Module:                 multiplier32FP
  Library domain:         worst
    Domain index:         0
    Technology library:   slow_vdd1v0 1.0
  Library domain:         best
    Domain index:         1
    Technology library:   fast_vdd1v2 1.0
  Operating conditions:   PVT_0P9V_125C 
  Operating conditions:   PVT_1P32V_0C 
  Interconnect mode:      global
  Area mode:              physical library
============================================================

Max_transition design rule (violation total = 81)
Pin                             Slew           Max     Violation
------------------------------------------------------------------
g60270__3680/AN                  288           280             8
  --> Other violations on net            23
g60268__5526/AN                  288           280             8
  --> Other violations on net            23
s1_exp_sum_reg[9]/D              288           280             8
  --> Other violations on net            23
g60275__5122/Y                   288           280             8
  --> Other violations on net            23
g60829/A                         282           280             2
  --> Other violations on net            10
g60609__9315/B0                  282           280             2
  --> Other violations on net            10
g60606__8428/A                   282           280             2
  --> Other violations on net            10
g60508__6260/A                   282           280             2
  --> Other violations on net            10
g60594__4733/A                   282           280             2
  --> Other violations on net            10
g60890__2398/Y                   282           280             2
  --> Other violations on net            10
g60891/A                         282           280             2
  --> Other violations on net            10
g60610__1666/B0                  282           280             2
  --> Other violations on net            10
g60587__5107/A                   282           280             2
  --> Other violations on net            10
g60507__4319/A                   282           280             2
  --> Other violations on net            10
g60593__6161/A                   282           280             2
  --> Other violations on net            10
g60952__4319/Y                   282           280             2
  --> Other violations on net            10
g60601__2883/B0                  282           280             2
  --> Other violations on net            10
g60592__7482/A                   282           280             2
  --> Other violations on net            10
g60557__1666/A0N                 282           280             2
  --> Other violations on net            10
g60522__1617/A0                  282           280             2
  --> Other violations on net            10
g60521__7098/A0                  282           280             2
  --> Other violations on net            10
g61010__9945/Y                   282           280             2
  --> Other violations on net            10
g60328__6783/B                   283           280             3
  --> Other violations on net            3
g60332__2802/Y                   283           280             3
  --> Other violations on net            3
g60704__8428/A                   282           280             2
  --> Other violations on net            2
g60949__1666/Y                   282           280             2
  --> Other violations on net            2
g60186__6417/A                   281           280             1
  --> Other violations on net            2
g60263__4319/C                   281           280             1
  --> Other violations on net            2
g60294__5107/Y                   281           280             1
  --> Other violations on net            2


Max_capacitance design rule: no violations.


Max_fanout design rule: no constraints.



