###############################################################
#  Generated by:      Cadence Innovus 21.19-s058_1
#  OS:                Linux x86_64(Host ID ecomp)
#  Generated on:      Wed Jun 10 11:05:49 2026
#  Design:            multiplier32FP
#  Command:           report_design > relatorio_area.rpt
###############################################################

	 View : analysis_normal_slow_max
      -------------------------------------------  
           Design Property            Value        
      -------------------------------------------  
       Design Name                multiplier32FP   
       Operating Condition Name          oc_slow   
       Process                             1.000   
       Voltage                             0.900   
       Temperature                       125.000   
       Tree Type                      worst_case   
      -------------------------------------------  
      -------------------------  
         Design Rule     Value   
      -------------------------  
       Max Transition    0.280   
       Min Transition       NA   
       Max Capacitance      NA   
       Min Capacitance      NA   
       Max Fanout           NA   
       Min Fanout           NA   
      -------------------------  
