###############################################################
#  Generated by:      Cadence Innovus 21.19-s058_1
#  OS:                Linux x86_64(Host ID ecomp)
#  Generated on:      Wed Jun 10 11:22:56 2026
#  Design:            multiplier32FP
#  Command:           report_timing -max_paths 1 > timing_10MHZ_layout.rpt
###############################################################
Path 1: MET (94.441 ns) Setup Check with Pin s1_man_product_reg[44]/CK->D
               View: analysis_normal_slow_max
              Group: clk
         Startpoint: (R) b_i[3]
              Clock: (R) clk
           Endpoint: (R) s1_man_product_reg[44]/D
              Clock: (R) clk

                       Capture       Launch
         Clock Edge:+  100.000        0.000
        Src Latency:+    0.000        0.000
        Net Latency:+    0.100 (I)    0.100 (I)
            Arrival:=  100.100        0.100

              Setup:-    0.134
        Uncertainty:-    0.050
      Required Time:=   99.916
       Launch Clock:=    0.100
        Input Delay:+    0.300
          Data Path:+    5.075
              Slack:=   94.441

#-----------------------------------------------------------------------------------------
# Timing Point              Flags  Arc     Edge  Cell       Fanout  Trans   Delay  Arrival  
#                                                                    (ns)    (ns)     (ns)  
#-----------------------------------------------------------------------------------------
  b_i[3]                    -      b_i[3]  R     (arrival)      14  0.264   0.000    0.400  
  g139003/Y                 -      A->Y    F     INVX1           6  0.264   0.234    0.634  
  g138946/Y                 -      B->Y    R     NOR2X1          1  0.177   0.129    0.763  
  g138870/Y                 -      B->Y    F     NAND2X1         2  0.066   0.088    0.851  
  FE_OFC102_n_1815/Y        -      A->Y    R     INVX1           7  0.083   0.115    0.967  
  FE_OFC103_n_1815/Y        -      A->Y    F     INVX1           4  0.129   0.145    1.111  
  g137703/Y                 -      A->Y    R     NAND2X1         1  0.138   0.101    1.213  
  FE_OFC71_n_2319/Y         -      A->Y    F     INVX1           7  0.053   0.120    1.333  
  FE_OFC73_n_2319/Y         -      A->Y    R     INVX2           7  0.162   0.134    1.467  
  g137201/Y                 -      B0->Y   F     AOI2BB2X1       3  0.107   0.139    1.606  
  g136860/Y                 -      B->Y    R     XNOR2X1         1  0.162   0.217    1.823  
  FE_RC_4_0/Y               -      B->Y    R     CLKXOR2X1       2  0.031   0.145    1.968  
  g136543__5122/Y           -      B->Y    R     AND2X1          1  0.037   0.136    2.104  
  g136497__2802/Y           -      B->Y    F     NOR2X1          1  0.027   0.042    2.146  
  g136382__3680/Y           -      B->Y    R     NOR3X1          2  0.052   0.139    2.285  
  g136312__1705/Y           -      A1N->Y  R     AOI2BB1X1       1  0.146   0.153    2.438  
  g136280__1705/Y           -      B->Y    F     NOR2X1          1  0.071   0.061    2.499  
  g136268__6260/Y           -      B->Y    R     NOR2X1          2  0.036   0.088    2.587  
  g136228__2802/Y           -      A1->Y   F     AOI21X1         1  0.111   0.135    2.722  
  g136180__5477/Y           -      A1->Y   R     OAI22X1         1  0.101   0.134    2.856  
  g136124__8246/Y           -      A1->Y   F     AOI211XL        1  0.132   0.186    3.042  
  g136108__1666/Y           -      B0->Y   R     AOI2BB1X1       1  0.142   0.155    3.197  
  g136075__4733/Y           -      A1->Y   R     OA21X1          1  0.121   0.204    3.401  
  g136069__5477/Y           -      B0->Y   F     AOI21X1         1  0.065   0.071    3.472  
  g136035__5477/Y           -      B0->Y   R     OAI22X1         1  0.134   0.124    3.596  
  g136000__1617/Y           -      A1->Y   F     AOI21X1         1  0.100   0.128    3.724  
  g135957__5107/Y           -      B->Y    R     NOR2X1          1  0.099   0.096    3.821  
  FE_OFC12_5683/Y           -      A->Y    F     INVX2           2  0.074   0.114    3.935  
  FE_OFC13_5683/Y           -      A->Y    R     INVX1           1  0.137   0.096    4.031  
  g135939__6161/Y           -      B->Y    F     NOR2X1          2  0.048   0.076    4.108  
  g135933/Y                 -      A->Y    R     INVX1           1  0.091   0.071    4.178  
  g135899__1666/Y           -      A1->Y   F     OAI21X2         3  0.042   0.112    4.290  
  g135881__1705/Y           -      B->Y    F     AND2X1          3  0.140   0.159    4.449  
  g135870__5477/Y           -      B->Y    R     NOR2X2          7  0.091   0.148    4.597  
  g135857__6161/Y           -      B->Y    R     AND2X1          3  0.178   0.234    4.831  
  g135840__6260/Y           -      B->Y    F     NOR2X1          2  0.076   0.070    4.902  
  g135825__5115/Y           -      B->Y    R     NOR2X1          1  0.054   0.061    4.963  
  g135817__6260/Y           -      B->Y    F     NOR2X1          3  0.056   0.075    5.038  
  g135807__7482/Y           -      B->Y    R     NOR2X1          1  0.081   0.079    5.116  
  g135786__5477/Y           -      B->Y    F     NOR2X1          1  0.058   0.056    5.173  
  g135759__8246/Y           -      A1N->Y  F     AOI2BB1X1       1  0.053   0.117    5.290  
  g135741__5477/Y           -      B->Y    R     XNOR2X1         1  0.048   0.185    5.475  
  s1_man_product_reg[44]/D  -      D       R     DFFRHQX1        1  0.054   0.000    5.475  
#-----------------------------------------------------------------------------------------

